border_size=1
usage=map

Lp          , Lp          , Lp          , Lp          , Lp          , Lp          , Lp          , Lh          , Lh          , Lh          , Lh          , Mon         , Mon         , Mon         , Mon         , Mon         , Mon         , Mon         , Mon         , Mon         , Mon         , Mon         , Mon         , Mon         , Mon         , Mon         , Mon         , Mon         , Mon         , Mon         , Mon         , Mon         , Mon         , Mon         , Mon         , Mon         , Mon         , Mon         , Mon         , Mon         , Mon         , Mon         , Mon         , Mon         , Mon         , Mon         , Mon         , Strs        , Strs        , Strs        , Strs        
Lp          , Lp          , Lp          , Lp          , Lp          , Lp          , Lp          , Lp          , Lh          , Lh          , Lh          , Mon         , Mon         , Mon         , Mon         , Mon         , Mon         , Mon         , Mon         , Mon         , Mon         , Mon         , Mon         , Mon         , Mon         , Mon         , Mon         , Mon         , Mon         , Mon         , Mon         , Mon         , Mon         , Mon         , Mon         , Mon         , Mon         , Mon         , Mon         , Mon         , Mon         , Mon         , Mon         , Mon         , Mon         , Mon         , Mon         , Strs        , Strs        , Strs        , Strs        
Lp          , Lp          , Lp          , Lp          , Mon^Min     , Lp          , Lh          , Lp          , Lh          , Lh          , Lh          , Mon^Rge     , Mon         , Mon         , Mon         , Mon         , Mon         , Mon         , Mon         , Mon         , Mon         , Mon         , Mon         , Mon         , Mon         , Mon         , Mon         , Mon         , Mon         , Mon         , Mon^Af      , Mon         , Mon         , Mon         , Mon         , Mon         , Mon         , Mon         , Mon         , Mon         , Lh          , Lh          , Lh          , Lh          , Mon^Rfr     , Mon         , Mon         , Strs        , Strs        , Strs        , Strs        
Lp          , Lp          , Lp          , Lh          , Lp          , Lp          , Lp          , Lp          , Lp          , Lh          , Lh          , Lh          , Mon         , Mon         , Mon         , Mon^Af      , Mon         , Mon         , Mon         , Mon         , Mon         , Mon         , Mon         , Mon         , Mon         , Mon         , Mon         , Mon         , Mon         , Mon^Af      , Mon         , Mon^Af      , Mon^Af      , Mon         , Mon         , Mon^Rfr     , Mon         , Mon         , Lh          , Lh          , Lp          , Lh          , Lp          , Lh          , Lh          , Mon         , Strs        , Strs        , Strs        , Strs        , Strs        
Lp          , Lp          , Lp          , Lp          , Lp          , Lp          , Lp          , Lp          , Lp          , Lh          , Lh          , Lh          , Lh          , Mon         , Mon         , Mon^Af      , Mon         , Mon         , Mon         , Mon         , Mon         , Mon^Xxx     , Mon^StrB    , Mon         , Mon         , Mon         , Mon         , Mon         , Mon         , Mon         , Mon         , Mon         , Mon         , Mon         , Mon         , Mon         , Mon         , Lh          , Lp          , Lp          , Lp          , Lp          , Lp          , Lp          , Lh          , Strs        , Strs        , Strs        , Strs        , Strs        , Strs        
Lp          , Lp          , Lp          , Lh          , Lp          , Lp          , Lh          , Lp          , Lp          , Lp          , Lp          , Lh          , Lh          , Lh          , Mon         , Mon^Af      , Mon         , Mon         , Mon         , Mon         , Mon^StrB    , Mon^StrB    , 1 Mon^StrK  , Mon^StrB    , Mon^StrB    , Mon         , Mon^Gen     , Mon         , Mon         , Mon         , Mon         , Mon         , Mon         , Mon         , Mon         , Mon         , Mon         , Lh          , Lh          , Lp          , Lp          , Lp          , Lp          , Lp          , Lh          , Mon         , Strs        , Pln         , Strs        , Strs        , Strs        
Lp          , Lp          , Lp          , Lp          , Lp          , Lp          , Lp          , Lp          , Lp          , Lh          , Lp          , Lh          , Lh          , Lh          , Mon         , Mon         , Mon         , Mon         , Mon         , Mon         , Mon         , Mon^StrB    , Mon^StrB    , Mon^StrB    , Mon         , Mon         , Mon         , Mon         , Mon         , Mon         , Mon         , Mon         , Mon         , Mon^Xxx     , Mon         , Mon         , Mon         , Lh          , Lh          , Lh          , Lh          , Lp          , Lp          , Lp          , Lp          , Lh          , Strs        , Strs        , Strs        , Strs        , Strs        
Lp          , Lp          , Lp          , Lp          , Lp          , Lp          , Lp          , Lp          , Lp          , Lp          , Lp          , Lh          , Lh          , Lh          , Mon         , Mon         , Mon         , Mon^Fty     , Mon         , Mon         , Mon         , Mon         , Mon         , Mon         , Mon         , Mon         , Mon         , Mon         , Mon         , Mon         , Mon         , Mon         , Mon         , Mon         , Mon         , Mon         , Mon         , Mon         , Mon         , Lh          , Mon         , Lh          , Lh          , Lh          , Lh          , Lh          , Strs        , Strs        , Strs        , Strs        , Strs        
Lp          , Lp          , Lp          , Lh          , Mon^Min     , Lp          , Lp          , Lp          , Lh          , Lp          , Lp          , Lh          , Lh          , Mon         , Mon         , Mon         , Mon         , Mon         , Mon         , Mon         , Mon         , Mon         , Mon         , Mon         , Mon^Fty     , Lh          , Lh          , Mon         , Mon         , Mon         , Mon         , Mon         , Mon         , Mon         , Mon         , Mon         , Mon         , Mon         , Mon         , Mon         , Mon         , Mon^Af      , Mon^Af      , Mon         , Mon         , Mon         , Strs        , Strs        , Strs        , Strs        , Strs        
Lp          , Lp          , Lp          , Lp          , Lp          , Lp          , Lp          , Lp          , Lp          , Lp          , Lp          , Lp          , Lh          , Lh          , Mon         , Mon         , Mon         , Mon         , Mon         , Mon         , Mon         , Mon^Af      , Mon         , Mon         , Lh          , Lp          , Lh          , Lh          , Mon         , Mon         , Mon         , Mon         , Mon         , Mon         , Mon         , Mon         , Mon^Gen     , Mon         , Mon         , Mon         , Mon^Af      , Mon         , Mon         , Mon         , Mon         , Mon         , Strs        , Strs        , Strs        , Strs        , Strs        
Lp          , Lp          , Lh          , Lp          , Lp          , Lp          , Lp          , Lp          , Lp          , Lp          , Lp          , Lp          , Lh          , Lh          , Lh          , Mon         , Mon         , Mon         , Mon         , Mon         , Mon         , Mon^Af      , Mon         , Mon         , Mon         , Lh          , Mon         , Mon         , Mon         , Mon         , Mon^Af      , Mon         , Mon         , Mon         , Mon         , Mon         , Mon         , Mon         , Mon         , Mon^Af      , Mon^Af      , Mon         , Mon         , Mon         , Mon         , Strs        , Strs        , Strs        , Strs        , Strs        , Strs        
Lp          , Lp          , Lh          , Lp          , Lh          , Lp          , Lp          , Lp          , Lp          , Lp          , Lp          , Lp          , Lh          , Lh          , Lh          , Mon         , Mon         , Mon         , Mon         , Mon         , Mon         , Mon^Gen     , Mon         , Mon         , Mon         , Mon         , Mon         , Mon         , Mon         , Mon         , Mon         , Mon^Af      , Mon         , Mon         , Mon         , Mon         , Mon         , Mon         , Mon         , Mon         , Mon^Af      , Mon         , Mon         , Mon         , Strs        , Strs        , Strs        , Strs        , Strs        , Strs        , Strs        
Lp          , Lp          , Lp          , Lh          , Lh          , Lh          , Lp          , Lp          , Lp          , Lp          , Lp          , Lp          , Lh          , Lh          , Mon^Fty     , Mon         , Mon         , Mon         , Mon         , Mon         , Mon^Af      , Mon^Af      , Mon         , Mon         , Mon         , Mon         , Mon         , Mon^Fty     , Mon         , Mon         , Mon         , Mon         , Mon         , Mon         , Mon         , Mon         , Mon         , Mon         , Mon         , Mon         , Mon         , Mon         , Mon         , Mon         , Mon         , Strs        , Strs        , Pln         , Strs        , Strs        , Strs        
Lp          , Lp          , Lp          , Lp          , Lp          , Lp          , Lp          , Lp          , Lp          , Lp          , Lp          , Lp          , Lh          , Lh          , Mon         , Mon         , Mon         , Mon         , Mon         , Mon^Af      , Mon         , Mon         , Mon         , Mon         , Mon         , Mon         , Mon         , Mon         , Mon         , Mon         , Mon         , Mon         , Lh          , Mon         , Mon         , Mon         , Mon         , Mon         , Mon         , Mon         , Mon         , Mon         , Mon         , Mon         , Mon         , Strs        , Strs        , Strs        , Strs        , Strs        , Strs        
Lp          , Lp          , Lp          , Lp          , Lp          , Lp          , Lp          , Lp          , Lp          , Lp          , Lh          , Lh          , Lh          , Mon         , Mon         , Mon         , Mon         , Mon         , Mon         , Mon         , Mon         , Mon         , Mon         , Mon         , Mon         , Mon         , Mon         , Mon         , Mon         , Mon         , Mon         , Lh          , Mon^Fty     , Lp          , Lh          , Mon         , Mon         , Mon         , Mon         , Mon         , Mon         , Mon         , Mon         , Mon         , Mon         , Mon         , Strs        , Strs        , Strs        , Strs        , Strs        
Lp          , Lp          , Lp          , Lh          , Lp          , Lp          , Lp          , Lp          , Lh          , Lh          , Lh          , Lh          , Mon         , Mon         , Mon         , Mon         , Mon         , Mon         , Mon         , Mon         , Mon         , Mon         , Mon         , Mon         , Mon         , Mon         , Mon         , Mon         , Mon         , Mon         , Mon         , Mon         , Mon         , Lp          , Lh          , Mon         , Mon         , Mon         , Mon         , Mon^Rge     , Mon         , Mon         , Mon         , Mon         , Mon         , Mon         , Strs        , Strs        , Strs        , Strs        , Strs        
Lp          , Lp          , Lp          , Mon^Min     , Lp          , Lp          , Lp          , Lh          , Lh          , Lh          , Mon         , Mon         , Mon         , Mon         , Mon         , Mon         , Mon         , Mon         , Mon         , Mon         , Mon         , Mon         , Mon^Xxx     , Mon         , Mon         , Mon         , Mon         , Mon         , Mon         , Mon         , Mon         , Mon         , Mon         , Mon         , Mon         , Mon         , Mon         , Mon         , Mon         , Mon         , Mon         , Mon         , Mon         , Mon         , Mon         , Mon         , Strs        , Strs        , Strs        , Strs        , Strs        
Lp          , Lp          , Lh          , Lp          , Lp          , Lp          , Lp          , Lh          , Lh          , Lh          , Mon         , Mon         , Mon         , Mon         , Mon^Gen     , Mon         , Mon         , Mon         , Mon         , Mon         , Mon         , Mon         , Mon         , Mon         , Mon         , Mon         , Mon         , Mon         , Mon^Af      , Mon^Af      , Mon         , Mon         , Mon         , Mon         , Mon         , Mon         , Mon         , Mon         , Mon         , Mon         , Mon         , Mon         , Mon         , Mon         , Mon         , Mon         , Strs        , Strs        , Strs        , Strs        , Strs        
Lp          , Lp          , Lh          , Lp          , Lp          , Lp          , Lp          , Lh          , Lh          , Lh          , Mon         , Mon         , Mon         , Mon         , Mon         , Mon         , Mon         , Mon         , Mon         , Mon         , Mon         , Mon         , Mon         , Mon         , Mon         , Mon         , Mon         , Mon         , Mon         , Mon         , Mon         , Mon^Af      , Mon         , Mon         , Mon         , Mon         , Mon         , Mon         , Mon         , Mon         , Mon         , Mon         , Mon         , Mon         , Strs        , Strs        , Strs        , Strs        , Strs        , Strs        , Strs        
Lp          , Lp          , Lh          , Lp          , Lp          , Lp          , Lp          , Lh          , Lh          , Mon         , Mon         , Mon         , Mon         , Mon         , Mon         , Mon         , Mon         , Mon         , Mon         , Mon         , Mon^Af      , Mon         , Mon         , Mon         , Mon         , Mon         , Mon         , Mon         , Mon^Gen     , Mon         , Mon         , Mon^Af      , Mon         , Mon         , Mon         , Mon         , Mon         , Mon         , Mon         , Mon         , Mon         , Mon         , Mon         , Strs        , Strs        , Strs        , Pln         , Strs        , Strs        , Strs        , Strs        
Lp          , Lp          , Lh          , Lp          , Lp          , Lp          , Lp          , Lh          , Lh          , Mon         , Mon         , Mon         , Mon^Af      , Mon         , Mon         , Mon         , Lh          , Mon         , Lh          , Mon         , Mon         , Mon^Af      , Mon         , Mon         , Mon         , Mon         , Mon         , Mon         , Mon         , Mon         , Mon         , Mon         , Mon         , Mon         , Mon         , Mon         , Mon         , Mon         , Mon         , Mon         , Lh          , Mon         , Lh          , Strs        , Strs        , Strs        , Strs        , Strs        , Strs        , Strs        , Strs        
Lp          , Lp          , Lh          , Lp          , Lp          , Lp          , Lp          , Lp          , Lh          , Lh          , Mon         , Mon         , Mon         , Mon^Af      , Mon^Af      , Mon         , Lh          , Lp          , Lp          , Lh          , Mon         , Mon         , Mon         , Mon         , Mon         , Mon         , Mon         , Mon         , Mon         , Mon         , Mon         , Mon         , Mon         , Mon         , Mon         , Mon         , Mon         , Mon         , Mon^Gen     , Lh          , Lh          , Lh          , Lh          , Lh          , Strs        , Strs        , Strs        , Strs        , Strs        , Strs        , Strs        
Lp          , Lp          , Lp          , Lh          , Lp          , Lp          , Lp          , Lp          , Lh          , Lh          , Mon         , Mon         , Mon         , Mon         , Mon^Af      , Mon         , Lh          , Lp          , Lh          , Lh          , Mon         , Mon         , Mon         , Mon         , Mon         , Mon         , Mon         , Mon         , Lh          , Lh          , Lh          , Mon         , Mon         , Mon         , Mon         , Mon         , Lh          , Lh          , Lh          , Lh          , Lh          , Lh          , Lh          , Lh          , Strs        , Strs        , Strs        , Strs        , Strs        , Strs        , Strs        
Lp          , Lp          , Lp          , Lp          , Lp          , Lp          , Lp          , Lp          , Lh          , Lh          , Lh          , Mon         , Mon         , Mon         , Mon^Af      , Mon         , Mon         , Lh          , Mon         , Mon         , Mon         , Mon         , Mon^Af      , Mon         , Mon^Af      , Mon         , Mon         , Mon         , Mon         , Lh          , Lh          , Lh          , Mon         , Mon         , Mon         , Mon         , Lh          , Lh          , Lh          , Lh          , Lp          , Lh          , Lp          , Lp          , Strs        , Strs        , Strs        , Strs        , Strs        , Strs        , Strs        
Lp          , Lp          , Lp          , Lp          , Lp          , Lp          , Lp          , Lh          , Lh          , Lh          , Lh          , Mon         , Mon         , Mon^Af      , Mon         , Mon         , Mon         , Mon         , Mon         , Mon         , Mon         , Mon         , Mon         , Mon^Af      , Mon^Af      , Mon         , Mon         , Mon         , Mon         , Lh          , Mon         , Mon         , Mon         , Mon         , Mon         , Lh          , Lh          , Lh          , Lh          , Lp          , Lp          , Mon^Min     , Lp          , Lp          , Strs        , Strs        , Strs        , Strs        , Strs        , Strs        , Strs        
Lp          , Lp          , Lp          , Mon^Min     , Lp          , Lp          , Lp          , Lh          , Lh          , Lh          , Mon         , Mon         , Mon         , Mon         , Mon         , Mon         , Mon         , Mon         , Mon^Xxx     , Mon         , Mon         , Mon         , Mon         , Mon         , Mon         , Mon         , Mon         , Mon^Gen     , Mon         , Mon         , Mon         , Mon         , Mon         , Mon         , Mon         , Lh          , Lh          , Mon^Rre     , Lp          , Lp          , Lp          , Lp          , Lp          , Lp          , Lp          , Strs        , Strs        , Strs        , Strs        , Strs        , Strs        
Lp          , Lp          , Lh          , Lp          , Lp          , Lp          , Lp          , Lh          , Lh          , Mon^Fty     , Mon         , Mon         , Mon         , Mon         , Mon         , Mon         , Mon         , Mon         , Mon         , Mon         , Mon         , Mon         , Mon         , Mon         , Mon         , Mon         , Mon         , Mon         , Mon         , Mon         , Mon         , Mon         , Mon         , Mon         , Lh          , Lh          , Lh          , Lh          , Lp          , Lp          , Lp          , Lp          , Lp          , Lp          , Lp          , Strs        , Strs        , Strs        , Strs        , Strs        , Strs        
Lp          , Lh          , Lp          , Lp          , Lp          , Lp          , Lh          , Lh          , Lh          , Mon         , Mon         , Mon         , Mon         , Mon         , Mon         , Mon         , Mon         , Mon         , Mon         , Mon         , Mon         , Mon         , Mon         , Mon         , Lh          , Mon         , Mon         , Mon         , Mon         , Mon         , Mon         , Mon         , Mon         , Mon         , Lh          , Lh          , Lh          , Lh          , Lp          , Lp          , Lp          , Lp          , Lp          , Lp          , Lp          , Lp          , Strs        , Strs        , Strs        , Strs        , Strs        
Lh          , Lp          , Lp          , Lp          , Lp          , Lp          , Lh          , Lh          , Lh          , Mon         , Mon         , Mon         , Mon         , Mon         , Mon         , Mon         , Mon         , Mon         , Mon         , Mon         , Mon         , Mon         , Lh          , Lh          , Lh          , Mon         , Mon         , Mon         , Mon         , Mon         , Mon         , Mon         , Mon         , Mon         , Lh          , Lh          , Lh          , Lh          , Lh          , Lp          , Lp          , Lp          , Lp          , Lp          , Lp          , Lp          , Strs        , Strs        , Strs        , Strs        , Strs        
Lh          , Lp          , Lp          , Lp          , Lh          , Lp          , Lp          , Lh          , Lh          , Mon         , Mon         , Mon^Af      , Mon         , Mon         , Mon^Af      , Mon         , Mon         , Mon         , Mon         , Mon         , Mon         , Mon         , Lh          , Lp          , Lh          , Lh          , Lh          , Mon         , Mon         , Mon         , Mon         , Mon         , Mon         , Mon         , Mon         , Lh          , Lh          , Lh          , Lh          , Lh          , Lh          , Lp          , Lp          , Lp          , Lp          , Lp          , Lp          , Strs        , Strs        , Strs        , Strs        
Lh          , Lp          , Lp          , Lp          , Lp          , Lp          , Lp          , Lh          , Lh          , Mon         , Mon         , Mon^Af      , Mon         , Mon^Af      , Mon^Af      , Mon         , Mon         , Mon         , Mon         , Mon         , Mon         , Mon         , Lh          , Lp          , Lh          , Lp          , Lh          , Mon         , Mon         , Mon         , Mon         , Mon         , Mon         , Mon         , Mon         , Lh          , Lh          , Lh          , Lh          , Lh          , Mon^Min     , Lh          , Lp          , Lp          , Lp          , Lp          , Lp          , Strs        , Strs        , Strs        , Strs        
Lh          , Lp          , Lp          , Lp          , Mon^Min     , Lp          , Lp          , Lh          , Lh          , Mon         , Mon         , Mon         , Mon         , Mon         , Mon         , Mon         , Mon         , Mon         , Mon         , Mon         , Mon         , Mon         , Mon         , Lh          , Mon         , Lh          , Mon         , Mon         , Mon^Af      , Mon^Af      , Mon^Fty     , Mon^Af      , Mon^Af      , Mon         , Mon         , Mon         , Mon         , Lh          , Lh          , Lh          , Lh          , Lh          , Lp          , Lp          , Lp          , Lp          , Strs        , Strs        , Strs        , Strs        , Strs        
Lh          , Lp          , Lp          , Lp          , Lp          , Lp          , Lp          , Lp          , Lh          , Mon         , Mon         , Mon         , Mon         , Mon         , Mon         , Mon         , Mon         , Mon         , Mon         , Mon         , Mon         , Ce          , Mon         , Ce          , Mon         , Mon         , Mon         , Mon         , Mon         , Mon         , Mon         , Mon         , Mon         , Mon         , Mon         , Mon         , Mon         , Mon         , Mon         , Lh          , Lh          , Lh          , Lp          , Lp          , Lp          , Lp          , Strs        , Strs        , Strs        , Strs        , Strs        
Lh          , Lp          , Lp          , Lp          , Lp          , Lp          , Lh          , Lp          , Lh          , Lh          , Mon         , Mon         , Mon         , Mon         , Mon         , Mon^Gen     , Ce          , Mon         , Mon^StrB    , Mon         , Mon         , Mon         , Mon^Fre     , Mon         , Mon         , Mon         , Mon^StrB    , Mon         , Ce          , Mon         , Mon         , Mon         , Mon         , Mon         , Mon         , Mon         , Mon         , Mon         , Mon         , Lh          , Lh          , Lh          , Lp          , Lp          , Lp          , Lp          , Strs        , Strs        , Strs        , Strs        , Strs        
Lh          , Lp          , Lp          , Lp          , Lp          , Lp          , Lp          , Lp          , Lh          , Lh          , Mon         , Mon         , Mon         , Mon         , Mon         , Mon         , Mon         , Mon^StrB    , Mon^StrB    , Mon^StrB    , Mon^Fre     , Mon         , Strs        , Mon         , Mon^Fre     , Mon^StrB    , Mon^StrB    , Mon^StrB    , Mon         , Mon^Fty     , Mon         , Mon         , Mon         , Mon         , Mon         , Mon         , Mon         , Mon         , Mon         , Lh          , Lh          , Lh          , Lp          , Mon^Min     , Lp          , Lp          , Strs        , Strs        , Strs        , Strs        , Strs        
Lp          , Lh          , Lp          , Lh          , Lp          , Lp          , Lp          , Lp          , Lh          , Lh          , Mon^Xxx     , Mon         , Mon         , Mon         , Mon         , Mon         , Mon         , Mon^StrB    , 2 Mon^StrK  , Mon^StrB    , Mon         , Strs        , Mon^StrK    , Strs        , Mon         , Mon^StrB    , 3 Mon^StrK  , Mon^StrB    , Mon         , Mon         , Mon         , Mon         , Mon         , Mon         , Mon         , Mon         , Mon         , Mon         , Mon         , Lh          , Lh          , Lh          , Lp          , Lp          , Lp          , Strs        , Strs        , Strs        , Strs        , Strs        , Strs        
Lp          , Lh          , Lp          , Lp          , Lp          , Lp          , Lp          , Lh          , Lh          , Lh          , Mon         , Mon         , Mon         , Mon         , Mon         , Mon         , Mon         , Mon^StrB    , Mon^StrB    , Mon^StrB    , Mon^Fre     , Strs        , Strs        , Strs        , Mon^Fre     , Mon^StrB    , Mon^StrB    , Mon^StrB    , Mon         , Mon         , Mon         , Mon         , Mon         , Mon         , Mon         , Mon         , Mon         , Mon         , Mon         , Lh          , Lh          , Mon^Fty     , Lp          , Lp          , Lp          , Strs        , Strs        , Strs        , Strs        , Strs        , Strs        
Lp          , Lh          , Lp          , Lp          , Lp          , Lp          , Lp          , Lp          , Lh          , Lh          , Mon         , Mon         , Mon         , Mon         , Mon         , Mon         , Mon         , Mon^StrB    , Mon^StrB    , Mon^StrB    , Mon         , Mon         , Mon^Fre     , Mon         , Mon         , Mon^StrB    , Mon^StrB    , Mon^StrB    , Mon         , Mon         , Mon         , Mon         , Mon         , Mon         , Mon         , Mon^Fty     , Mon         , Mon         , Mon         , Lh          , Lh          , Lh          , Lp          , Lp          , Lp          , Strs        , Strs        , Pln         , Strs        , Strs        , Strs        
Lp          , Lp          , Lp          , Lp          , Lh          , Lh          , Lp          , Lp          , Lh          , Lh          , Mon         , Mon         , Mon         , Mon         , Mon         , Mon         , Ce          , Mon         , Mon         , Mon         , Mon         , Mon         , Mon         , Mon         , Lh          , Mon         , Mon^Fty     , Mon         , Ce          , Mon         , Mon         , Mon         , Mon         , Mon         , Mon         , Mon         , Mon         , Mon         , Mon         , Lh          , Lh          , Lh          , Lp          , Lp          , Lp          , Strs        , Strs        , Strs        , Strs        , Strs        , Strs        
Lp          , Lp          , Lp          , Mon^Min     , Lh          , Lp          , Lp          , Lp          , Lh          , Lh          , Mon         , Mon         , Mon         , Mon         , Mon         , Mon         , Mon         , Mon         , Mon         , Mon         , Lh          , Lh          , Lh          , Lh          , Lh          , Lh          , Mon         , Mon         , Mon         , Mon         , Mon         , Mon         , Mon         , Mon         , Mon         , Mon^Af      , Mon^Af      , Mon         , Mon         , Lh          , Lh          , Lh          , Lp          , Lp          , Lp          , Strs        , Strs        , Strs        , Strs        , Strs        , Strs        
Lp          , Lp          , Lp          , Lp          , Lp          , Lp          , Lp          , Lp          , Lp          , Lh          , Lh          , Mon         , Mon         , Mon         , Mon         , Mon         , Mon         , Mon         , Mon         , Mon         , Lh          , Ce          , Lp          , Ce          , Lp          , Lh          , Lh          , Mon         , Mon         , Mon         , Mon         , Mon         , Mon         , Mon         , Mon         , Mon         , Mon^Af      , Mon^Af      , Mon         , Lh          , Lh          , Lh          , Lp          , Lp          , Lp          , Lp          , Strs        , Strs        , Strs        , Strs        , Strs        
Lp          , Lp          , Lp          , Lh          , Lp          , Lp          , Lh          , Lp          , Lp          , Lh          , Lh          , Mon         , Mon         , Mon         , Mon^Af      , Mon         , Mon^Gen     , Mon         , Mon         , Lh          , Lh          , Lh          , Lp          , Lp          , Lp          , Lh          , Lh          , Mon         , Mon         , Mon         , Mon         , Mon         , Mon         , Mon         , Mon         , Mon         , Mon         , Mon         , Mon         , Lh          , Lh          , Lh          , Lh          , Lp          , Lp          , Lp          , Strs        , Strs        , Strs        , Strs        , Strs        
Lh          , Lp          , Lp          , Lp          , Lp          , Lp          , Lp          , Lp          , Lp          , Lh          , Lh          , Mon         , Mon         , Mon         , Mon         , Mon^Af      , Mon         , Mon         , Mon         , Lh          , Lh          , Lh          , Lp          , Lp          , Lp          , Lh          , Lh          , Mon         , Mon         , Mon         , Mon         , Mon         , Mon         , Mon         , Mon         , Mon         , Mon         , Mon         , Mon         , Mon         , Lh          , Lh          , Lh          , Lp          , Lp          , Lp          , Strs        , Strs        , Strs        , Strs        , Strs        
Lp          , Lh          , Lp          , Lp          , Lp          , Lp          , Lp          , Lp          , Lp          , Lh          , Lh          , Lh          , Mon         , Mon         , Mon         , Mon         , Mon^Af      , Mon         , Mon         , Mon         , Lh          , Lh          , Lp          , Lp          , Lp          , Lp          , Lh          , Mon         , Mon         , Mon         , Mon         , Mon         , Mon         , Mon         , Mon         , Mon         , Mon         , Mon         , Mon         , Mon         , Lh          , Mon^Xxx     , Lp          , Lp          , Lp          , Lp          , Strs        , Strs        , Strs        , Strs        , Strs        
Lp          , Lp          , Lp          , Lh          , Lp          , Lp          , Mon^Min     , Lp          , Lp          , Lh          , Lh          , Lh          , Mon         , Mon         , Mon         , Mon^Af      , Mon^Af      , Mon         , Mon         , Mon         , Lh          , Lh          , Lh          , Lp          , Lp          , Lp          , Lh          , Lh          , Lh          , Mon         , Mon         , Mon         , Mon         , Mon         , Mon         , Mon         , Mon         , Mon         , Mon         , Mon         , Lh          , Lh          , Lp          , Lp          , Lp          , Lp          , Strs        , Strs        , Strs        , Strs        , Strs        
Lp          , Lp          , Lp          , Lh          , Lp          , Lp          , Lp          , Lp          , Lp          , Lh          , Lh          , Lh          , Mon         , Mon         , Mon         , Mon         , Mon         , Mon         , Mon         , Mon         , Mon         , Lh          , Lh          , Lp          , Lp          , Lp          , Mon^Gen     , Lh          , Lh          , Mon         , Mon         , Mon         , Mon         , Mon         , Mon         , Mon         , Mon         , Mon         , Mon         , Mon         , Lh          , Lh          , Lh          , Lp          , Lp          , Lp          , Strs        , Strs        , Strs        , Strs        , Strs        
Lp          , Lp          , Lp          , Lp          , Lh          , Lp          , Lp          , Lp          , Lh          , Lh          , Lh          , Lh          , Mon         , Mon         , Mon         , Mon         , Mon         , Mon         , Mon         , Mon         , Mon         , Lh          , Lh          , Lp          , Lp          , Lp          , Lh          , Lh          , Lh          , Mon         , Mon         , Mon         , Mon         , Mon         , Mon         , Mon         , Mon         , Mon         , Mon         , Mon         , Lh          , Lh          , Lp          , Lp          , Lp          , Mon^Min     , Strs        , Strs        , Strs        , Strs        , Strs        
Lp          , Lh          , Lp          , Lp          , Lp          , Lp          , Lp          , Lp          , Lh          , Lh          , Mon         , Mon         , Mon         , Mon         , Mon         , Mon         , Mon         , Mon         , Mon         , Mon         , Mon         , Lh          , Lh          , Lp          , Lp          , Lp          , Lh          , Lh          , Mon         , Mon         , Mon         , Mon         , Mon         , Mon         , Mon         , Mon         , Mon         , Mon         , Mon         , Lh          , Lh          , Lh          , Lp          , Lp          , Lp          , Lp          , Strs        , Strs        , Strs        , Strs        , Strs        
Lp          , Lp          , Lh          , Lp          , Lp          , Lp          , Lp          , Lp          , Lh          , Lh          , Mon         , Mon         , Mon         , Mon         , Mon         , Mon         , Mon         , Mon         , Mon         , Mon^Rre     , Mon         , Lh          , Lh          , Lh          , Lh          , Lh          , Lh          , Lh          , Mon         , Mon         , Mon         , Mon         , Mon         , Mon         , Mon         , Mon^Af      , Mon         , Mon         , Mon         , Lh          , Lh          , Lp          , Lp          , Lp          , Strs        , Strs        , Strs        , Strs        , Strs        , Strs        , Strs        
Lp          , Lp          , Lp          , Lh          , Lp          , Lp          , Lp          , Lh          , Lh          , Lh          , Mon         , Mon         , Mon         , Mon         , Mon         , Mon         , Mon         , Mon         , Mon         , Mon         , Mon         , Lh          , Lh          , Lh          , Lh          , Lh          , Lh          , Lh          , Mon         , Mon         , Mon         , Mon         , Mon         , Mon         , Mon         , Mon^Af      , Mon         , Mon         , Lh          , Lh          , Lh          , Lp          , Lp          , Lp          , Strs        , Strs        , Strs        , Strs        , Strs        , Strs        , Strs        
Lp          , Lp          , Lp          , Lp          , Lp          , Lh          , Lp          , Lh          , Lh          , Lh          , Lh          , Mon         , Mon         , Mon         , Mon^Af      , Mon         , Mon         , Mon         , Mon         , Mon         , Mon         , Mon         , Mon         , Mon         , Mon         , Mon         , Mon         , Mon         , Mon         , Mon         , Mon         , Mon         , Mon         , Mon         , Mon         , Mon^Af      , Mon         , Mon         , Lh          , Lh          , Mon^Fty     , Lp          , Lp          , Lp          , Strs        , Strs        , Strs        , Strs        , Strs        , Strs        , Strs        
Lp          , Lp          , Lp          , Lp          , Lh          , Lh          , Lp          , Lh          , Lh          , Lh          , Lh          , Mon         , Mon^Xxx     , Mon         , Mon^Af      , Mon         , Mon         , Mon         , Mon         , Mon         , Mon         , Mon         , Mon^StrB    , Mon^Fty     , Mon^StrB    , Mon         , Mon^StrB    , Mon         , Mon^StrB    , Mon         , Mon         , Mon         , Mon         , Mon         , Mon         , Mon         , Mon         , Mon         , Lh          , Lh          , Lh          , Lp          , Lp          , Lp          , Strs        , Strs        , Strs        , Pln         , Strs        , Strs        , Strs        
Lh          , Lh          , Lp          , Lp          , Lp          , Lp          , Lp          , Lh          , Lh          , Lh          , Mon         , Mon         , Mon         , Mon         , Mon^Af      , Mon         , Mon         , Mon         , Mon         , Mon         , Mon         , Mon         , Mon^StrB    , Mon^StrB    , Mon^StrB    , Mon^StrB    , Mon^StrB    , Mon^StrB    , Mon^StrB    , Mon         , Mon         , Mon         , Mon^Xxx     , Mon         , Mon         , Mon         , Mon         , Mon         , Mon         , Lh          , Lh          , Lp          , Lp          , Lp          , Strs        , Strs        , Strs        , Strs        , Strs        , Strs        , Strs        
Lp          , Lh          , Lp          , Lp          , Lp          , Lp          , Lp          , Lp          , Lh          , Lh          , Mon         , Mon         , Mon         , Mon^Af      , Mon         , Mon         , Mon         , Mon         , Mon         , Mon         , Mon         , Mon         , Mon^StrB    , Mon^StrB    , Mon^StrB    , 4 Mon^StrK  , Mon^StrB    , Mon^StrB    , Mon^StrB    , Mon^Gen     , Mon         , Mon         , Mon         , Mon         , Mon         , Mon         , Mon         , Mon         , Mon         , Lh          , Lh          , Lp          , Lp          , Lp          , Strs        , Strs        , Strs        , Strs        , Strs        , Strs        , Strs        
Lp          , Lp          , Lp          , Lh          , Lh          , Lp          , Lp          , Lp          , Lh          , Lh          , Mon         , Mon         , Mon         , Mon         , Mon         , Mon         , Mon         , Mon         , Mon         , Mon         , Mon         , Mon^Xxx     , Mon^StrB    , Mon^StrB    , Mon^StrB    , Mon^StrB    , Mon^StrB    , Mon^StrB    , Mon^StrB    , Mon^Af      , Mon         , Mon         , Mon         , Mon         , Mon         , Mon         , Mon         , Mon         , Mon         , Lh          , Lh          , Lp          , Lp          , Lp          , Strs        , Strs        , Strs        , Strs        , Strs        , Strs        , Strs        
Lp          , Lp          , Lp          , Lp          , Lp          , Mon^Min     , Lp          , Lp          , Lh          , Lh          , Lh          , Mon         , Mon         , Mon         , Mon         , Mon         , Mon         , Mon         , Mon         , Mon         , Mon         , Mon         , Mon         , Mon         , Mon         , Mon^Fty     , Mon^Af      , Mon^Af      , Mon         , Mon         , Mon         , Mon         , Mon         , Mon         , Mon         , Mon         , Mon         , Mon         , Lh          , Lh          , Lp          , Lp          , Lp          , Lp          , Strs        , Strs        , Strs        , Strs        , Strs        , Strs        , Strs        
Lp          , Lp          , Lp          , Lp          , Lp          , Lp          , Lp          , Lp          , Lh          , Lh          , Lh          , Mon         , Mon         , Mon         , Mon         , Mon         , Mon         , Mon         , Mon         , Mon         , Mon         , Mon         , Mon         , Mon         , Mon         , Mon         , Mon         , Mon^Af      , Mon         , Mon         , Mon         , Mon         , Mon         , Mon         , Mon         , Mon         , Lh          , Lh          , Lh          , Lh          , Lp          , Lp          , Lp          , Lp          , Strs        , Strs        , Strs        , Strs        , Strs        , Strs        , Strs        
Lp          , Lh          , Lp          , Lp          , Lp          , Lp          , Lp          , Lp          , Lh          , Lh          , Lh          , Lh          , Mon         , Mon         , Mon         , Mon         , Mon^Af      , Mon^Af      , Mon         , Mon         , Mon         , Mon         , Mon         , Mon         , Mon         , Mon         , Mon         , Mon         , Mon         , Mon         , Mon         , Mon         , Mon         , Mon         , Lh          , Lh          , Lh          , Lh          , Lh          , Lh          , Lp          , Lp          , Lp          , Lp          , Strs        , Strs        , Strs        , Strs        , Strs        , Strs        , Strs        
Lp          , Lp          , Lp          , Lh          , Lp          , Lp          , Lh          , Lp          , Lh          , Lh          , Lh          , Lh          , Mon         , Mon         , Mon         , Mon         , Mon         , Mon^Af      , Mon         , Mon         , Mon         , Mon         , Mon         , Mon         , Mon         , Mon         , Mon         , Mon         , Mon         , Mon         , Mon         , Mon         , Lh          , Mon^Xxx     , Lh          , Lh          , Lp          , Lp          , Lp          , Lp          , Lp          , Mon^Min     , Lp          , Lp          , Strs        , Strs        , Strs        , Strs        , Strs        , Strs        , Strs        
Lp          , Lp          , Lp          , Lp          , Lp          , Lh          , Lp          , Lh          , Lh          , Lh          , Lh          , Lh          , Mon         , Mon         , Mon         , Mon         , Mon         , Mon         , Mon         , Mon         , Mon         , Mon         , Mon         , Mon         , Mon         , Mon         , Mon         , Mon         , Mon         , Mon         , Mon         , Mon         , Lh          , Lh          , Lh          , Lh          , Lp          , Lp          , Lp          , Lp          , Lp          , Lp          , Lp          , Lp          , Strs        , Strs        , Strs        , Strs        , Strs        , Strs        , Strs        
