border_size=1
usage=map

Lp          , Lp          , Lp          , Lp          , Lh          , Lh          , Mon         , Mon         , Mon         , Mon         , Mon         , Mon         , Mon         , Mon         , Mon         , Mon         , Mon         , Mon         , Mon         , Mon         , Mon         , Mon         , Mon         , Mon         , Mon         , Mon         , Mon         , Mon         , Mon         , Mon         
Lp          , Lp          , Lp          , Lp          , Lh          , Lh          , Mon         , Mon         , Mon         , Mon         , Mon         , Mon         , Mon         , Mon         , Mon         , Mon         , Mon         , Mon         , Mon^StrB    , Mon^StrB    , Mon^StrB    , Mon         , Mon         , Mon         , Mon         , Mon         , Mon         , Mon         , Mon         , Mon         
Lp          , Lp          , Mon^Min     , Lh          , Lh          , Lh          , Mon         , Mon         , Mon         , Mon         , Mon         , Mon         , Mon         , Mon^Fre     , Mon         , Mon         , Mon         , Mon^StrB    , Mon^StrB    , Mon^StrB    , Mon^StrB    , Mon^StrB    , Mon         , Mon         , Mon         , Mon         , Mon         , Mon^Rea     , Mon         , Mon         
Lp          , Lp          , Lh          , Lh          , Mon         , Mon         , Mon         , Mon         , Mon         , Mon         , Mon         , Mon         , Mon         , Mon         , Mon         , Mon         , Mon         , Mon^StrB    , Mon^StrB    , 1 Mon^StrK    , Mon^StrB    , Mon^StrB    , Mon         , Mon         , Mon         , Mon         , Mon         , Mon         , Mon         , Mon         
Lh          , Lh          , Mon         , Mon         , Mon         , Mon         , Mon         , Mon         , Mon         , Mon         , Mon         , Mon         , Mon         , Mon         , Mon         , Mon         , Mon         , Mon^StrB    , Mon^StrB    , Mon^StrB    , Mon^StrB    , Mon^StrB    , Mon         , Mon         , Mon         , Mon         , Mon         , Mon         , Mon         , Mon         
Lh          , Lh          , Mon         , Mon         , Mon         , Mon         , Mon         , Mon^Cty     , Mon         , Mon         , Mon         , Mon         , Mon         , Mon         , Mon         , Mon         , Mon         , Mon         , Mon         , Mon^StrB    , Mon         , Mon         , Mon         , Mon         , Mon         , Mon         , Mon         , Mon         , Mon         , Mon         
Lh          , Lh          , Mon         , Mon         , Mon         , Mon         , Mon         , Mon         , Mon         , Mon         , Mon         , Mon         , Mon         , Mon         , Mon         , Mon         , Mon         , Mon         , Mon         , Mon         , Mon         , Mon         , Mon         , Mon         , Mon         , Mon^Fre     , Mon         , Mon         , Mon         , Mon         
Mon         , Mon         , Mon         , Mon         , Mon         , Mon         , Mon         , Mon         , Mon         , Mon         , Mon         , Mon         , Mon         , Mon         , Mon         , Mon         , Mon^Cty     , Mon         , Mon         , Mon         , Mon         , Mon         , Mon         , Mon         , Mon         , Mon         , Mon         , Mon         , Mon         , Mon         
Mon         , Mon         , Mon^Fre     , Mon         , Mon         , Mon         , Mon         , Mon         , Mon         , Mon         , Mon         , Mon         , Mon         , Mon         , Mon         , Mon         , Mon         , Mon         , Mon         , Mon         , Mon         , Mon         , Mon         , Mon         , Mon         , Mon         , Mon         , Mon         , Mon         , Mon         
Mon         , Mon         , Mon         , Mon         , Mon         , Mon         , Rr          , Rr          , Rr          , Rr          , Rr          , Rr          , Rr          , Rr          , Rr          , Rr          , Rr          , Rr          , Rr          , Rr          , Rr          , Rr          , Lh          , Lh          , Lh          , Mon         , Lp          , Mon         , Lp          , Lp          
Mon         , Mon         , Mon         , Mon         , Rr          , Rr          , Rr^StrB     , Rr          , Rr          , Rr          , Rr^StrB     , Rr^StrB     , Rr^StrB     , Rr          , Rr          , Rr          , Rr          , Rr          , Rr          , Rr          , Rr          , Rr          , Lh          , Lh          , Lh          , Lh          , Mon^Min     , Lp          , Lp          , Lp          
Mon         , Mon         , Mon         , Mon         , Rr          , Rr          , 2 Rr^StrK   , Rr^StrB     , Rr          , Rr          , Rr^StrB     , 3 Rr^StrK   , Rr^StrB     , Rr          , Rr          , Rr          , Rr          , Rr          , Rr          , Rr          , Rr          , Rr          , Rr          , Lh          , Lh          , Lh          , Lh          , Lp          , Lp          , Lp          
Mon         , Mon         , Mon         , Mon         , Rr          , Rr          , Rr^StrB     , Rr^StrB     , Rr          , Rr          , Rr^StrB     , Rr^StrB     , Rr^StrB     , Rr          , Rr          , Rr          , Rr          , Rr          , Rr          , Rr          , Mon^Fty     , Rr          , Rr          , Rr          , Lh          , Lh          , Lh          , Lp          , Lp          , Lp          
Mon         , Mon         , Mon         , Mon         , Rr          , Rr^StrB     , Rr^StrB     , Rr^StrB     , Rr          , Rr          , Rr          , Rr^StrB     , Rr          , Rr          , Mon^Fty     , Rr          , Rr          , Rr          , Rr          , Rr          , Rr          , Rr          , Rr          , Rr          , Rr          , Lh          , Lh          , Lp          , Lp          , Lp          
Mon         , Mon         , Mon         , Mon         , Rr          , Rr          , Rr          , Rr          , Rr          , Rr          , Rr          , Rr          , Rr          , Rr          , Rr          , Rr          , Rr          , Rr          , Rr          , Rr          , Rr          , Rr          , Rr          , Rr          , Rr          , Rr          , Lh          , Lp          , Lp          , Lp          
Mon         , Mon         , Mon         , Mon         , Rr          , Rr          , Rr          , Rr          , Mon^Fre     , Rr          , Rr          , Rr          , Rr          , Rr          , Rr          , Rr          , Rr          , Rr          , Rr          , Rr          , Rr          , Rr          , Rr          , Rr          , Rr          , Rr          , Lh          , Lp          , Lp          , Mon^Min     
Mon         , Mon         , Mon^Cty     , Mon         , Rr          , Rr          , Rr          , Rr          , Rr          , Rr          , Rr          , Rr          , Rr          , Rr          , Rr          , Rr          , Rr          , Rr          , Rr          , Rr          , Rr          , Rr          , Rr          , Rr          , Rr          , Rr          , Lh          , Lp          , Lp          , Lp          
Mon         , Mon         , Mon         , Mon         , Rr          , Rr          , Rr          , Rr          , Rr          , Rr          , Rr          , Rr          , Rr          , Rr          , Rr          , Rr          , Mon^Xxx     , Rr          , Rr          , Rr          , Rr          , Rr          , Rr          , Mon^Fty     , Rr          , Rr          , Lh          , Lp          , Lp          , Lp          
Mon         , Mon         , Mon         , Mon         , Rr          , Rr          , Rr          , Rr          , Rr          , Rr          , Mon^Fty     , Rr          , Rr          , Rr          , Rr          , Rr          , Rr          , Rr          , Rr          , Rr          , Rr          , Rr          , Rr          , Rr          , Lh          , Lh          , Lp          , Lp          , Lp          , Lp          
Mon         , Mon         , Mon         , Mon         , Rr          , Mon^Xxx     , Rr          , Rr          , Rr          , Rr          , Rr          , Rr          , Rr          , Rr          , Rr          , Rr          , Rr          , Rr          , Rr          , Rr          , Rr          , Rr          , Rr          , Lh          , Lh          , Mon^Min     , Lp          , Lp          , Lp          , Lp          
Mon         , Mon         , Mon         , Mon         , Rr          , Rr          , Rr          , Rr          , Rr          , Rr          , Rr          , Rr          , Rr          , Rr          , Rr          , Rr          , Rr          , Rr          , Rr          , Rr          , Rr          , Rr          , Ce          , Lh          , Lh          , Lh          , Lp          , Lp          , Lp          , Lp          
Lh          , Mon^Min     , Lh          , Lh          , Rr          , Rr          , Lh          , Rr          , Lh          , Rr          , Rr          , Rr          , Rr          , Rr          , Rr          , Rr          , Rr          , Rr          , Rr          , Rr          , Ce          , Rr          , Mon         , Mon         , Mon         , Lh          , Lh          , Lp          , Lh          , Lh          
Lh          , Lh          , Lh          , Lh          , Lh          , Lh          , Lh          , Lh          , Lh          , Lh          , Lh          , Rr          , Rr          , Mon^Fty     , Rr          , Rr          , Rr          , Rr          , Ce          , Rr          , Rr          , Mon         , Mon         , Mon         , Mon         , Mon         , Mon         , Lh          , Lh          , Lh          
Lh          , Lh          , Lh          , Lh          , Lh          , Lh          , Lh          , Lh          , Lh          , Lh          , Lh          , Lh          , Lh          , Rr          , Lp          , Rr          , Ce          , Rr          , Mon         , Rr          , Rr          , Rr          , Rr          , Mon         , Mon         , Mon         , Mon         , Mon         , Mon         , Mon         
Lp          , Lp          , Lp          , Lp          , Lh          , Lh          , Lp          , Mon^Min     , Lp          , Lh          , Lh          , Lh          , Lh          , Lh          , Lh          , Lh          , Lh          , Mon         , Mon         , Mon         , Mon         , Rr          , Rr          , Rr          , Rr          , Mon         , Mon         , Mon         , Mon         , Mon         
Lp          , Lp          , Lp          , Lp          , Lp          , Lp          , Lp          , Lp          , Lp          , Lp          , Lp          , Lh          , Lh          , Lh          , Lh          , Lh          , Lh          , Lh          , Lh          , Mon         , Mon         , Mon         , Mon         , Rr          , Rr^StrB     , Rr^StrB     , Mon^StrB    , Mon         , Mon         , Mon         
Lp          , Lp          , Lp          , Lp          , Lp          , Lp          , Lp          , Lp          , Lp          , Lp          , Lp          , Lp          , Lp          , Mon^Min     , Lp          , Lh          , Lh          , Lh          , Lh          , Lh          , Lh          , Mon         , Mon         , Mon         , Rr^StrB     , Rr^StrK     , Mon^StrB    , Mon         , Mon         , Mon         
Lp          , Mon^Min     , Lp          , Lp          , Lp          , Lp          , Lp          , Lp          , Lp          , Lp          , Lp          , Lp          , Lp          , Lp          , Lp          , Lp          , Lp          , Lh          , Lh          , Lh          , Lh          , Mon         , Mon         , Mon         , Rr          , Rr^StrB     , Mon         , Mon         , Mon         , Mon         
Lp          , Lp          , Lp          , Lp          , Lp          , Lp          , Lp          , Lp          , Lp          , Lp          , Lp          , Lp          , Lp          , Lp          , Lp          , Lp          , Lp          , Lp          , Lh          , Lh          , Lh          , Mon         , Mon         , Mon         , Rr          , Rr          , Mon         , Mon         , Mon         , Mon         
